[2026-09-10 14:23:00] ============================================================
[2026-09-10 14:23:00] Efemerides Deportivas — Generador Diario
[2026-09-10 14:23:00] ============================================================
[2026-09-10 14:23:00] Generando efemerides para 2026-09-10...
[2026-09-10 14:23:00] Guardado: F:\Escritorio 2023\Programar\Magic Solutions\saquedemetamdp\efemerides\hoy.json (218 bytes)
[2026-09-10 14:23:00] Resumen: 0 items en 0 deportes
[2026-09-10 14:23:00] ⚠️  ADVERTENCIA: Esta fecha no tiene datos en la base curada. Revisar fuentes.
[2026-09-10 14:23:00] Listo.
[2026-09-10 14:36:18] ============================================================
[2026-09-10 14:36:18] Efemerides Deportivas — Generador Diario
[2026-09-10 14:36:18] ============================================================
[2026-09-10 14:36:18] Generando efemerides para 2026-09-10...
[2026-09-10 14:36:18] Guardado: F:\Escritorio 2023\Programar\Magic Solutions\saquedemetamdp\efemerides\hoy.json (218 bytes)
[2026-09-10 14:36:18] Resumen: 0 items en 0 deportes
[2026-09-10 14:36:18] ⚠️  ADVERTENCIA: Esta fecha no tiene datos en la base curada. Revisar fuentes.
[2026-09-10 14:36:18] Listo.
[2026-09-10 15:01:57] ============================================================
[2026-09-10 15:01:57] Efemerides Deportivas — Generador Diario
[2026-09-10 15:01:57] ============================================================
[2026-09-10 15:01:57] Generando efemerides para 2026-09-10...
[2026-09-10 15:01:57] Guardado: F:\Escritorio 2023\Programar\Magic Solutions\saquedemetamdp\efemerides\hoy.json (2404 bytes)
[2026-09-10 15:01:57] Resumen: 8 items en 3 deportes
[2026-09-10 15:01:57]   ⚽ Fútbol Argentino: 5 items (2 nac, 1 falle, 2 hechos)
[2026-09-10 15:01:57]   🏀 Basketball Argentino: 2 items (1 nac, 0 falle, 1 hechos)
[2026-09-10 15:01:57]   🎾 Tenis Argentino: 1 items (0 nac, 0 falle, 1 hechos)
[2026-09-10 15:01:57] Listo.
